This is XeTeX, Version 3.141592653-2.6-0.999996 (TeX Live 2025/dev/Debian) (preloaded format=xelatex)
 restricted \write18 enabled.
entering extended mode
(./main.tex
LaTeX2e <2024-11-01> patch level 2
L3 programming layer <2025-01-18>
(./format.cls
Document Class: format 2026/09/18 Graduate mathematical modeling template for O
verleaf
(/usr/share/texlive/texmf-dist/tex/latex/base/article.cls
Document Class: article 2024/06/29 v1.4n Standard LaTeX document class
(/usr/share/texlive/texmf-dist/tex/latex/base/size12.clo))
(/usr/share/texlive/texmf-dist/tex/generic/iftex/ifxetex.sty
(/usr/share/texlive/texmf-dist/tex/generic/iftex/iftex.sty))
(/usr/share/texlive/texmf-dist/tex/latex/ctex/ctex.sty
(/usr/share/texlive/texmf-dist/tex/latex/l3kernel/expl3.sty
(/usr/share/texlive/texmf-dist/tex/latex/l3backend/l3backend-xetex.def))
(/usr/share/texlive/texmf-dist/tex/latex/ctex/ctexhook.sty)
(/usr/share/texlive/texmf-dist/tex/latex/ctex/ctexpatch.sty)
(/usr/share/texlive/texmf-dist/tex/latex/base/fix-cm.sty
(/usr/share/texlive/texmf-dist/tex/latex/base/ts1enc.def))
(/usr/share/texlive/texmf-dist/tex/latex/ctex/config/ctexopts.cfg)
(/usr/share/texlive/texmf-dist/tex/latex/ctex/engine/ctex-engine-xetex.def
(/usr/share/texlive/texmf-dist/tex/xelatex/xecjk/xeCJK.sty
(/usr/share/texlive/texmf-dist/tex/latex/l3packages/xtemplate/xtemplate.sty)
(/usr/share/texlive/texmf-dist/tex/latex/fontspec/fontspec.sty
(/usr/share/texlive/texmf-dist/tex/latex/l3packages/xparse/xparse.sty)
(/usr/share/texlive/texmf-dist/tex/latex/fontspec/fontspec-xetex.sty
(/usr/share/texlive/texmf-dist/tex/latex/base/fontenc.sty)
(/usr/share/texlive/texmf-dist/tex/latex/fontspec/fontspec.cfg)))
(/usr/share/texlive/texmf-dist/tex/xelatex/xecjk/xeCJK.cfg)))
(/usr/share/texlive/texmf-dist/tex/latex/zhnumber/zhnumber.sty
(/usr/share/texlive/texmf-dist/tex/latex/zhnumber/zhnumber-utf8.cfg))
(/usr/share/texlive/texmf-dist/tex/latex/ctex/scheme/ctex-scheme-chinese.def
(/usr/share/texlive/texmf-dist/tex/latex/ctex/config/ctex-name-utf8.cfg))
(/usr/share/texlive/texmf-dist/tex/latex/tools/indentfirst.sty)
(/usr/share/texlive/texmf-dist/tex/latex/ctex/ctex-c5size.clo)
(/usr/share/texlive/texmf-dist/tex/latex/ctex/fontset/ctex-fontset-fandol.def))
 (/usr/share/texlive/texmf-dist/tex/latex/ctex/config/ctex.cfg)
(/usr/share/texlive/texmf-dist/tex/latex/geometry/geometry.sty
(/usr/share/texlive/texmf-dist/tex/latex/graphics/keyval.sty)
(/usr/share/texlive/texmf-dist/tex/generic/iftex/ifvtex.sty))
(/usr/share/texlive/texmf-dist/tex/latex/amsmath/amsmath.sty
For additional information on amsmath, use the `?' option.
(/usr/share/texlive/texmf-dist/tex/latex/amsmath/amstext.sty
(/usr/share/texlive/texmf-dist/tex/latex/amsmath/amsgen.sty))
(/usr/share/texlive/texmf-dist/tex/latex/amsmath/amsbsy.sty)
(/usr/share/texlive/texmf-dist/tex/latex/amsmath/amsopn.sty))
(/usr/share/texlive/texmf-dist/tex/latex/amsfonts/amsfonts.sty)
(/usr/share/texlive/texmf-dist/tex/latex/amsfonts/amssymb.sty)
(/usr/share/texlive/texmf-dist/tex/latex/tools/bm.sty)
(/usr/share/texlive/texmf-dist/tex/latex/xcolor/xcolor.sty
(/usr/share/texlive/texmf-dist/tex/latex/graphics-cfg/color.cfg)
(/usr/share/texlive/texmf-dist/tex/latex/graphics-def/xetex.def)
(/usr/share/texlive/texmf-dist/tex/latex/graphics/mathcolor.ltx))
(/usr/share/texlive/texmf-dist/tex/latex/graphics/dvipsnam.def)
(/usr/share/texlive/texmf-dist/tex/latex/graphics/graphicx.sty
(/usr/share/texlive/texmf-dist/tex/latex/graphics/graphics.sty
(/usr/share/texlive/texmf-dist/tex/latex/graphics/trig.sty)
(/usr/share/texlive/texmf-dist/tex/latex/graphics-cfg/graphics.cfg)))
(/usr/share/texlive/texmf-dist/tex/latex/float/float.sty)
(/usr/share/texlive/texmf-dist/tex/latex/tools/array.sty)
(/usr/share/texlive/texmf-dist/tex/latex/tools/longtable.sty)
(/usr/share/texlive/texmf-dist/tex/latex/booktabs/booktabs.sty)
(/usr/share/texlive/texmf-dist/tex/latex/tools/tabularx.sty)
(/usr/share/texlive/texmf-dist/tex/latex/multirow/multirow.sty)
(/usr/share/texlive/texmf-dist/tex/latex/multirow/bigstrut.sty)
(/usr/share/texlive/texmf-dist/tex/latex/multirow/bigdelim.sty)
(/usr/share/texlive/texmf-dist/tex/latex/cprotect/cprotect.sty
(/usr/share/texlive/texmf-dist/tex/latex/base/ifthen.sty)
(/usr/share/texlive/texmf-dist/tex/latex/bigfoot/suffix.sty))
(/usr/share/texlive/texmf-dist/tex/latex/listings/listings.sty
(/usr/share/texlive/texmf-dist/tex/latex/listings/lstpatch.sty)
(/usr/share/texlive/texmf-dist/tex/latex/listings/lstmisc.sty)
(/usr/share/texlive/texmf-dist/tex/latex/listings/listings.cfg))
(/usr/share/texlive/texmf-dist/tex/xelatex/xecjk/xeCJK-listings.sty)
(/usr/share/texlive/texmf-dist/tex/latex/url/url.sty)
(/usr/share/texlive/texmf-dist/tex/latex/caption/subcaption.sty
(/usr/share/texlive/texmf-dist/tex/latex/caption/caption.sty
(/usr/share/texlive/texmf-dist/tex/latex/caption/caption3.sty)
(/usr/share/texlive/texmf-dist/tex/latex/caption/ltcaption.sty)))
(/usr/share/texlive/texmf-dist/tex/latex/tocloft/tocloft.sty)
(/usr/share/texlive/texmf-dist/tex/latex/titlesec/titlesec.sty)
(/usr/share/texlive/texmf-dist/tex/latex/titlesec/titletoc.sty)
(/usr/share/texlive/texmf-dist/tex/latex/enumitem/enumitem.sty)
(/usr/share/texlive/texmf-dist/tex/generic/ulem/ulem.sty)
(/usr/share/texlive/texmf-dist/tex/latex/tools/calc.sty)
(/usr/share/texlive/texmf-dist/tex/latex/appendix/appendix.sty)
(/usr/share/texlive/texmf-dist/tex/latex/etoolbox/etoolbox.sty)
(/usr/share/texlive/texmf-dist/tex/latex/hyperref/hyperref.sty
(/usr/share/texlive/texmf-dist/tex/latex/kvsetkeys/kvsetkeys.sty)
(/usr/share/texlive/texmf-dist/tex/generic/kvdefinekeys/kvdefinekeys.sty)
(/usr/share/texlive/texmf-dist/tex/generic/pdfescape/pdfescape.sty
(/usr/share/texlive/texmf-dist/tex/generic/ltxcmds/ltxcmds.sty)
(/usr/share/texlive/texmf-dist/tex/generic/pdftexcmds/pdftexcmds.sty
(/usr/share/texlive/texmf-dist/tex/generic/infwarerr/infwarerr.sty)))
(/usr/share/texlive/texmf-dist/tex/latex/hycolor/hycolor.sty)
(/usr/share/texlive/texmf-dist/tex/latex/hyperref/nameref.sty
(/usr/share/texlive/texmf-dist/tex/latex/refcount/refcount.sty)
(/usr/share/texlive/texmf-dist/tex/generic/gettitlestring/gettitlestring.sty
(/usr/share/texlive/texmf-dist/tex/latex/kvoptions/kvoptions.sty)))
(/usr/share/texlive/texmf-dist/tex/generic/stringenc/stringenc.sty)
(/usr/share/texlive/texmf-dist/tex/latex/hyperref/pd1enc.def)
(/usr/share/texlive/texmf-dist/tex/generic/intcalc/intcalc.sty)
(/usr/share/texlive/texmf-dist/tex/latex/hyperref/puenc.def)
(/usr/share/texlive/texmf-dist/tex/generic/bitset/bitset.sty
(/usr/share/texlive/texmf-dist/tex/generic/bigintcalc/bigintcalc.sty))
(/usr/share/texlive/texmf-dist/tex/latex/base/atbegshi-ltx.sty))
(/usr/share/texlive/texmf-dist/tex/latex/hyperref/hxetex.def
(/usr/share/texlive/texmf-dist/tex/latex/rerunfilecheck/rerunfilecheck.sty
(/usr/share/texlive/texmf-dist/tex/latex/base/atveryend-ltx.sty)
(/usr/share/texlive/texmf-dist/tex/generic/uniquecounter/uniquecounter.sty)))
(/usr/share/texlive/texmf-dist/tex/latex/cleveref/cleveref.sty))
(./deep_layout.tex
(/usr/share/texlive/texmf-dist/tex/latex/pgf/frontendlayer/tikz.sty
(/usr/share/texlive/texmf-dist/tex/latex/pgf/basiclayer/pgf.sty
(/usr/share/texlive/texmf-dist/tex/latex/pgf/utilities/pgfrcs.sty
(/usr/share/texlive/texmf-dist/tex/generic/pgf/utilities/pgfutil-common.tex)
(/usr/share/texlive/texmf-dist/tex/generic/pgf/utilities/pgfutil-latex.def)
(/usr/share/texlive/texmf-dist/tex/generic/pgf/utilities/pgfrcs.code.tex
(/usr/share/texlive/texmf-dist/tex/generic/pgf/pgf.revision.tex)))
(/usr/share/texlive/texmf-dist/tex/latex/pgf/basiclayer/pgfcore.sty
(/usr/share/texlive/texmf-dist/tex/latex/pgf/systemlayer/pgfsys.sty
(/usr/share/texlive/texmf-dist/tex/generic/pgf/systemlayer/pgfsys.code.tex
(/usr/share/texlive/texmf-dist/tex/generic/pgf/utilities/pgfkeys.code.tex
(/usr/share/texlive/texmf-dist/tex/generic/pgf/utilities/pgfkeyslibraryfiltered
.code.tex)) (/usr/share/texlive/texmf-dist/tex/generic/pgf/systemlayer/pgf.cfg)
(/usr/share/texlive/texmf-dist/tex/generic/pgf/systemlayer/pgfsys-xetex.def
(/usr/share/texlive/texmf-dist/tex/generic/pgf/systemlayer/pgfsys-dvipdfmx.def
(/usr/share/texlive/texmf-dist/tex/generic/pgf/systemlayer/pgfsys-common-pdf.de
f))))
(/usr/share/texlive/texmf-dist/tex/generic/pgf/systemlayer/pgfsyssoftpath.code.
tex)
(/usr/share/texlive/texmf-dist/tex/generic/pgf/systemlayer/pgfsysprotocol.code.
tex))
(/usr/share/texlive/texmf-dist/tex/generic/pgf/basiclayer/pgfcore.code.tex
(/usr/share/texlive/texmf-dist/tex/generic/pgf/math/pgfmath.code.tex
(/usr/share/texlive/texmf-dist/tex/generic/pgf/math/pgfmathutil.code.tex)
(/usr/share/texlive/texmf-dist/tex/generic/pgf/math/pgfmathparser.code.tex)
(/usr/share/texlive/texmf-dist/tex/generic/pgf/math/pgfmathfunctions.code.tex)
(/usr/share/texlive/texmf-dist/tex/generic/pgf/math/pgfmathfunctions.basic.code
.tex)
(/usr/share/texlive/texmf-dist/tex/generic/pgf/math/pgfmathfunctions.trigonomet
ric.code.tex)
(/usr/share/texlive/texmf-dist/tex/generic/pgf/math/pgfmathfunctions.random.cod
e.tex)
(/usr/share/texlive/texmf-dist/tex/generic/pgf/math/pgfmathfunctions.comparison
.code.tex)
(/usr/share/texlive/texmf-dist/tex/generic/pgf/math/pgfmathfunctions.base.code.
tex)
(/usr/share/texlive/texmf-dist/tex/generic/pgf/math/pgfmathfunctions.round.code
.tex)
(/usr/share/texlive/texmf-dist/tex/generic/pgf/math/pgfmathfunctions.misc.code.
tex)
(/usr/share/texlive/texmf-dist/tex/generic/pgf/math/pgfmathfunctions.integerari
thmetics.code.tex)
(/usr/share/texlive/texmf-dist/tex/generic/pgf/math/pgfmathcalc.code.tex)
(/usr/share/texlive/texmf-dist/tex/generic/pgf/math/pgfmathfloat.code.tex))
(/usr/share/texlive/texmf-dist/tex/generic/pgf/math/pgfint.code.tex)
(/usr/share/texlive/texmf-dist/tex/generic/pgf/basiclayer/pgfcorepoints.code.te
x)
(/usr/share/texlive/texmf-dist/tex/generic/pgf/basiclayer/pgfcorepathconstruct.
code.tex)
(/usr/share/texlive/texmf-dist/tex/generic/pgf/basiclayer/pgfcorepathusage.code
.tex)
(/usr/share/texlive/texmf-dist/tex/generic/pgf/basiclayer/pgfcorescopes.code.te
x)
(/usr/share/texlive/texmf-dist/tex/generic/pgf/basiclayer/pgfcoregraphicstate.c
ode.tex)
(/usr/share/texlive/texmf-dist/tex/generic/pgf/basiclayer/pgfcoretransformation
s.code.tex)
(/usr/share/texlive/texmf-dist/tex/generic/pgf/basiclayer/pgfcorequick.code.tex
)
(/usr/share/texlive/texmf-dist/tex/generic/pgf/basiclayer/pgfcoreobjects.code.t
ex)
(/usr/share/texlive/texmf-dist/tex/generic/pgf/basiclayer/pgfcorepathprocessing
.code.tex)
(/usr/share/texlive/texmf-dist/tex/generic/pgf/basiclayer/pgfcorearrows.code.te
x)
(/usr/share/texlive/texmf-dist/tex/generic/pgf/basiclayer/pgfcoreshade.code.tex
)
(/usr/share/texlive/texmf-dist/tex/generic/pgf/basiclayer/pgfcoreimage.code.tex
)
(/usr/share/texlive/texmf-dist/tex/generic/pgf/basiclayer/pgfcoreexternal.code.
tex)
(/usr/share/texlive/texmf-dist/tex/generic/pgf/basiclayer/pgfcorelayers.code.te
x)
(/usr/share/texlive/texmf-dist/tex/generic/pgf/basiclayer/pgfcoretransparency.c
ode.tex)
(/usr/share/texlive/texmf-dist/tex/generic/pgf/basiclayer/pgfcorepatterns.code.
tex)
(/usr/share/texlive/texmf-dist/tex/generic/pgf/basiclayer/pgfcorerdf.code.tex))
)
(/usr/share/texlive/texmf-dist/tex/generic/pgf/modules/pgfmoduleshapes.code.tex
) (/usr/share/texlive/texmf-dist/tex/generic/pgf/modules/pgfmoduleplot.code.tex
)
(/usr/share/texlive/texmf-dist/tex/latex/pgf/compatibility/pgfcomp-version-0-65
.sty)
(/usr/share/texlive/texmf-dist/tex/latex/pgf/compatibility/pgfcomp-version-1-18
.sty)) (/usr/share/texlive/texmf-dist/tex/latex/pgf/utilities/pgffor.sty
(/usr/share/texlive/texmf-dist/tex/latex/pgf/utilities/pgfkeys.sty
(/usr/share/texlive/texmf-dist/tex/generic/pgf/utilities/pgfkeys.code.tex))
(/usr/share/texlive/texmf-dist/tex/latex/pgf/math/pgfmath.sty
(/usr/share/texlive/texmf-dist/tex/generic/pgf/math/pgfmath.code.tex))
(/usr/share/texlive/texmf-dist/tex/generic/pgf/utilities/pgffor.code.tex))
(/usr/share/texlive/texmf-dist/tex/generic/pgf/frontendlayer/tikz/tikz.code.tex

(/usr/share/texlive/texmf-dist/tex/generic/pgf/libraries/pgflibraryplothandlers
.code.tex)
(/usr/share/texlive/texmf-dist/tex/generic/pgf/modules/pgfmodulematrix.code.tex
)
(/usr/share/texlive/texmf-dist/tex/generic/pgf/frontendlayer/tikz/libraries/tik
zlibrarytopaths.code.tex)))
(/usr/share/texlive/texmf-dist/tex/latex/pgfplots/pgfplots.sty
(/usr/share/texlive/texmf-dist/tex/generic/pgfplots/pgfplots.revision.tex)
(/usr/share/texlive/texmf-dist/tex/generic/pgfplots/pgfplots.code.tex
(/usr/share/texlive/texmf-dist/tex/generic/pgfplots/pgfplotscore.code.tex
(/usr/share/texlive/texmf-dist/tex/generic/pgfplots/sys/pgfplotssysgeneric.code
.tex))
(/usr/share/texlive/texmf-dist/tex/generic/pgfplots/libs/pgfplotslibrary.code.t
ex)
(/usr/share/texlive/texmf-dist/tex/generic/pgfplots/oldpgfcompatib/pgfplotsoldp
gfsupp_loader.code.tex
(/usr/share/texlive/texmf-dist/tex/generic/pgf/libraries/pgflibraryfpu.code.tex
)
Package pgfplots: loading complementary utilities for your pgf version...

(/usr/share/texlive/texmf-dist/tex/generic/pgfplots/oldpgfcompatib/pgfplotsoldp
gfsupp_pgfutil-common-lists.tex))
(/usr/share/texlive/texmf-dist/tex/generic/pgfplots/util/pgfplotsutil.code.tex
(/usr/share/texlive/texmf-dist/tex/generic/pgfplots/liststructure/pgfplotslists
tructure.code.tex)
(/usr/share/texlive/texmf-dist/tex/generic/pgfplots/liststructure/pgfplotslists
tructureext.code.tex)
(/usr/share/texlive/texmf-dist/tex/generic/pgfplots/liststructure/pgfplotsarray
.code.tex)
(/usr/share/texlive/texmf-dist/tex/generic/pgfplots/liststructure/pgfplotsmatri
x.code.tex)
(/usr/share/texlive/texmf-dist/tex/generic/pgfplots/numtable/pgfplotstableshare
d.code.tex)
(/usr/share/texlive/texmf-dist/tex/generic/pgfplots/liststructure/pgfplotsdeque
.code.tex)
(/usr/share/texlive/texmf-dist/tex/generic/pgfplots/util/pgfplotsbinary.code.te
x
(/usr/share/texlive/texmf-dist/tex/generic/pgfplots/util/pgfplotsbinary.data.co
de.tex))
(/usr/share/texlive/texmf-dist/tex/generic/pgfplots/util/pgfplotsutil.verb.code
.tex)
(/usr/share/texlive/texmf-dist/tex/generic/pgfplots/libs/pgflibrarypgfplots.sur
fshading.code.tex
(/usr/share/texlive/texmf-dist/tex/generic/pgfplots/sys/pgflibrarypgfplots.surf
shading.pgfsys-xetex.def
(/usr/share/texlive/texmf-dist/tex/generic/pgfplots/sys/pgflibrarypgfplots.surf
shading.pgfsys-dvipdfmx.def))))
(/usr/share/texlive/texmf-dist/tex/generic/pgfplots/util/pgfplotscolormap.code.
tex
(/usr/share/texlive/texmf-dist/tex/generic/pgfplots/util/pgfplotscolor.code.tex
))
(/usr/share/texlive/texmf-dist/tex/generic/pgfplots/pgfplotsstackedplots.code.t
ex)
(/usr/share/texlive/texmf-dist/tex/generic/pgfplots/pgfplotsplothandlers.code.t
ex
(/usr/share/texlive/texmf-dist/tex/generic/pgfplots/pgfplotsmeshplothandler.cod
e.tex
(/usr/share/texlive/texmf-dist/tex/generic/pgfplots/pgfplotsmeshplotimage.code.
tex)))
(/usr/share/texlive/texmf-dist/tex/generic/pgfplots/pgfplots.scaling.code.tex)
(/usr/share/texlive/texmf-dist/tex/generic/pgfplots/pgfplotscoordprocessing.cod
e.tex)
(/usr/share/texlive/texmf-dist/tex/generic/pgfplots/pgfplots.errorbars.code.tex
) (/usr/share/texlive/texmf-dist/tex/generic/pgfplots/pgfplots.markers.code.tex
) (/usr/share/texlive/texmf-dist/tex/generic/pgfplots/pgfplotsticks.code.tex)
(/usr/share/texlive/texmf-dist/tex/generic/pgfplots/pgfplots.paths.code.tex)
(/usr/share/texlive/texmf-dist/tex/generic/pgf/frontendlayer/tikz/libraries/tik
zlibrarydecorations.code.tex
(/usr/share/texlive/texmf-dist/tex/generic/pgf/modules/pgfmoduledecorations.cod
e.tex))
(/usr/share/texlive/texmf-dist/tex/generic/pgf/frontendlayer/tikz/libraries/tik
zlibrarydecorations.pathmorphing.code.tex
(/usr/share/texlive/texmf-dist/tex/generic/pgf/libraries/decorations/pgflibrary
decorations.pathmorphing.code.tex))
(/usr/share/texlive/texmf-dist/tex/generic/pgf/frontendlayer/tikz/libraries/tik
zlibrarydecorations.pathreplacing.code.tex
(/usr/share/texlive/texmf-dist/tex/generic/pgf/libraries/decorations/pgflibrary
decorations.pathreplacing.code.tex))
(/usr/share/texlive/texmf-dist/tex/generic/pgfplots/libs/tikzlibrarypgfplots.co
ntourlua.code.tex))
(/usr/share/texlive/texmf-dist/tex/generic/pgf/frontendlayer/tikz/libraries/tik
zlibraryplotmarks.code.tex
(/usr/share/texlive/texmf-dist/tex/generic/pgf/libraries/pgflibraryplotmarks.co
de.tex))) (/usr/share/texlive/texmf-dist/tex/latex/adjustbox/adjustbox.sty
(/usr/share/texlive/texmf-dist/tex/latex/xkeyval/xkeyval.sty
(/usr/share/texlive/texmf-dist/tex/generic/xkeyval/xkeyval.tex
(/usr/share/texlive/texmf-dist/tex/generic/xkeyval/xkvutils.tex)))
(/usr/share/texlive/texmf-dist/tex/latex/adjustbox/adjcalc.sty)
(/usr/share/texlive/texmf-dist/tex/latex/adjustbox/trimclip.sty
(/usr/share/texlive/texmf-dist/tex/latex/collectbox/collectbox.sty)
(/usr/share/texlive/texmf-dist/tex/latex/adjustbox/tc-xetex.def))
(/usr/share/texlive/texmf-dist/tex/latex/ifoddpage/ifoddpage.sty)
(/usr/share/texlive/texmf-dist/tex/latex/varwidth/varwidth.sty))
(/usr/share/texlive/texmf-dist/tex/latex/seqsplit/seqsplit.sty)
(/usr/share/texlive/texmf-dist/tex/latex/xurl/xurl.sty)
(/usr/share/texlive/texmf-dist/tex/latex/needspace/needspace.sty)
(/usr/share/texlive/texmf-dist/tex/latex/placeins/placeins.sty)
(/usr/share/texlive/texmf-dist/tex/generic/pgf/libraries/pgflibraryarrows.meta.
code.tex)
(/usr/share/texlive/texmf-dist/tex/generic/pgf/frontendlayer/tikz/libraries/tik
zlibrarypositioning.code.tex)
(/usr/share/texlive/texmf-dist/tex/generic/pgf/frontendlayer/tikz/libraries/tik
zlibrarycalc.code.tex)
(/usr/share/texlive/texmf-dist/tex/generic/pgf/frontendlayer/tikz/libraries/tik
zlibraryfit.code.tex)
(/usr/share/texlive/texmf-dist/tex/generic/pgf/frontendlayer/tikz/libraries/tik
zlibrarypatterns.code.tex
(/usr/share/texlive/texmf-dist/tex/generic/pgf/libraries/pgflibrarypatterns.cod
e.tex))
(/usr/share/texlive/texmf-dist/tex/generic/pgf/frontendlayer/tikz/libraries/tik
zlibraryshapes.geometric.code.tex
(/usr/share/texlive/texmf-dist/tex/generic/pgf/libraries/shapes/pgflibraryshape
s.geometric.code.tex)))
No file main.aux.
*geometry* driver: auto-detecting
*geometry* detected driver: xetex

Package hyperref Warning: Rerun to get /PageLabels entry.

Package pgfplots notification 'compat/show suggested version=true': document ha
s been generated with the most recent feature set (\pgfplotsset{compat=1.18}).

(./chapters/00_abstract.tex)
[1]
No file main.toc.

[2] (./chapters/01.tex
(/usr/share/texlive/texmf-dist/tex/latex/amsfonts/umsa.fd)
(/usr/share/texlive/texmf-dist/tex/latex/amsfonts/umsb.fd)

LaTeX Warning: Citation `dorling2017' on page 3 undefined on input line 8.


LaTeX Warning: Citation `murray2015fstsp' on page 3 undefined on input line 8.


LaTeX Warning: Reference `tab:problem_scope' on page 3 undefined on input line 
15.


[3] (./expanded_sections/01_research.tex
[4]

LaTeX Warning: Citation `otto2018' on page 5 undefined on input line 4.


LaTeX Warning: Citation `macrina2020' on page 5 undefined on input line 4.


LaTeX Warning: Citation `murray2015fstsp' on page 5 undefined on input line 6.


LaTeX Warning: Citation `agatz2018' on page 5 undefined on input line 6.


LaTeX Warning: Citation `bhuiyan2026' on page 5 undefined on input line 6.


LaTeX Warning: Citation `altheeb2017relief' on page 5 undefined on input line 8
.


LaTeX Warning: Citation `yucesoy2025' on page 5 undefined on input line 8.


LaTeX Warning: Citation `dorling2017' on page 5 undefined on input line 11.


LaTeX Warning: Citation `zhang2021energy' on page 5 undefined on input line 11.



LaTeX Warning: Citation `zhang2023corrigendum' on page 5 undefined on input lin
e 11.


LaTeX Warning: Citation `liu2025battery' on page 5 undefined on input line 13.


LaTeX Warning: Citation `zeng2016uavcom' on page 5 undefined on input line 16.


LaTeX Warning: Citation `zeng2019sky' on page 5 undefined on input line 16.


LaTeX Warning: Citation `zhang2019cellular' on page 5 undefined on input line 1
6.


LaTeX Warning: Citation `zeng2019energy' on page 5 undefined on input line 16.


LaTeX Warning: Citation `hong2025' on page 5 undefined on input line 18.


LaTeX Warning: Citation `akpunar2025' on page 5 undefined on input line 18.


[5]

LaTeX Warning: Citation `bertsimas2004' on page 6 undefined on input line 21.


LaTeX Warning: Citation `xin2025' on page 6 undefined on input line 21.


LaTeX Warning: Citation `dukkanci2026' on page 6 undefined on input line 21.


LaTeX Warning: Citation `li2025hurricane' on page 6 undefined on input line 23.



LaTeX Warning: Citation `zhang2026communication' on page 6 undefined on input l
ine 23.


LaTeX Warning: Reference `tab:contribution_map' on page 6 undefined on input li
ne 26.

)
[6]

LaTeX Warning: Reference `fig:overall_framework' on page 7 undefined on input l
ine 48.


LaTeX Warning: Reference `sec:foundation' on page 7 undefined on input line 48.



LaTeX Warning: Reference `sec:q1' on page 7 undefined on input line 48.


LaTeX Warning: Reference `sec:q4' on page 7 undefined on input line 48.

) (./chapters/02.tex
[7]
[8]

LaTeX Warning: Reference `tab:main_symbols' on page 9 undefined on input line 3
2.

[9]) (./chapters/03.tex

LaTeX Warning: Reference `fig:scene' on page 10 undefined on input line 12.


LaTeX Warning: Reference `tab:common_drone' on page 10 undefined on input line 
18.

(./expanded_sections/03_data_analysis.tex
[10]

LaTeX Warning: Reference `tab:rev_cargo' on page 11 undefined on input line 2.

(./revision_tables/cargo.tex)
[11])

LaTeX Warning: Citation `snyder1987' on page 12 undefined on input line 38.


LaTeX Warning: Reference `eq:common_planar_path' on page 12 undefined on input 
line 49.


[12] (./expanded_sections/03_geometry_reasoning.tex

LaTeX Warning: Citation `karney2013' on page 13 undefined on input line 2.

)
[13]

LaTeX Warning: Reference `sec:q3' on page 14 undefined on input line 82.


[14]
[15]

LaTeX Warning: Citation `zhang2021energy' on page 16 undefined on input line 14
1.


LaTeX Warning: Citation `zhang2023corrigendum' on page 16 undefined on input li
ne 141.


LaTeX Warning: Reference `sec:q3' on page 16 undefined on input line 152.


LaTeX Warning: Reference `eq:common_capacity' on page 16 undefined on input lin
e 168.


LaTeX Warning: Reference `eq:common_reserve' on page 16 undefined on input line
 168.

(./expanded_sections/03_energy_properties.tex
[16]

LaTeX Warning: Citation `stolaroff2018' on page 17 undefined on input line 27.


LaTeX Warning: Citation `stolaroff2018corr' on page 17 undefined on input line 
27.

)
[17] (./expanded_sections/03_resource_derivation.tex

LaTeX Warning: Reference `eq:charge_energy_fraction' on page 18 undefined on in
put line 24.


LaTeX Warning: Citation `hartmann2022' on page 18 undefined on input line 26.

)
[18]) (./chapters/04.tex
[19]

LaTeX Warning: Reference `fig:q1_payload' on page 20 undefined on input line 20
.


[20] (./expanded_sections/04_decomposition.tex
[21]

LaTeX Warning: Reference `eq:q1_separable' on page 22 undefined on input line 1
0.

) (./expanded_sections/04_dp_detail.tex
[22]

LaTeX Warning: Citation `bouman2018' on page 23 undefined on input line 11.

)
[23]

LaTeX Warning: Reference `tab:q1_area_plan' on page 24 undefined on input line 
77.


LaTeX Warning: Reference `app:full_schedules' on page 24 undefined on input lin
e 77.

(./tables/q1_area.tex)
[24]

LaTeX Warning: Reference `tab:q1_baselines' on page 25 undefined on input line 
81.

(./tables/q1_baseline.tex) (./expanded_sections/04_result_mechanism.tex

LaTeX Warning: Reference `tab:rev_q1_types' on page 25 undefined on input line 
2.

(./revision_tables/q1_types.tex)
[25])

LaTeX Warning: Reference `eq:q1_safe_payload' on page 26 undefined on input lin
e 99.


LaTeX Warning: Reference `tab:q1_payload_response' on page 26 undefined on inpu
t line 99.

(./tables/q1_payload_response.tex)

LaTeX Warning: Reference `fig:q1_payload_response' on page 26 undefined on inpu
t line 102.


[26]

LaTeX Warning: Reference `fig:q1_reserve' on page 27 undefined on input line 10
4.


[27]

LaTeX Warning: Reference `tab:q1_sensitivity' on page 28 undefined on input lin
e 115.

(./tables/q1_sensitivity.tex)) (./chapters/05.tex
[28]

LaTeX Warning: Reference `sec:foundation' on page 29 undefined on input line 6.



LaTeX Warning: Citation `pinedo2016scheduling' on page 29 undefined on input li
ne 9.


LaTeX Warning: Reference `eq:common_occupancy' on page 29 undefined on input li
ne 9.


[29] (./expanded_sections/05_model_detail.tex
[30]

LaTeX Warning: Reference `eq:q2_disjoint' on page 31 undefined on input line 2.


)
[31] (./repair_sections/q2_search.tex

LaTeX Warning: Citation `ropke2006alns' on page 32 undefined on input line 2.


LaTeX Warning: Reference `eq:q2_decoder' on page 32 undefined on input line 4.


[32]

LaTeX Warning: Reference `eq:q2_objective' on page 33 undefined on input line 1
6.


LaTeX Warning: Reference `app:source_provenance' on page 33 undefined on input 
line 54.


[33]

LaTeX Warning: Reference `tab:q2_schedule' on page 34 undefined on input line 5
6.

) (./expanded_sections/05_algorithm_reasoning.tex

LaTeX Warning: Citation `pisinger2007' on page 34 undefined on input line 4.


LaTeX Warning: Citation `turkes2021' on page 34 undefined on input line 6.

)
[34]

LaTeX Warning: Reference `tab:q2_schedule' on page 35 undefined on input line 7
1.


LaTeX Warning: Reference `app:full_schedules' on page 35 undefined on input lin
e 71.


LaTeX Warning: Reference `fig:q2_gantt' on page 35 undefined on input line 71.

(./tables/q2_schedule.tex

Package longtable Warning: Column widths have changed
(longtable)                in table 5.2 on input line 35.

)

LaTeX Warning: Reference `tab:q2_schedule' on page 35 undefined on input line 7
6.


LaTeX Warning: Reference `tab:q2_schedule' on page 35 undefined on input line 7
6.


[35] (./expanded_sections/05_operation_analysis.tex
[36]

LaTeX Warning: Reference `tab:rev_q2_types' on page 37 undefined on input line 
2.

(./revision_tables/q2_types.tex)

LaTeX Warning: Reference `tab:rev_q2_util' on page 37 undefined on input line 1
3.

(./revision_tables/q2_util.tex)

LaTeX Warning: Reference `tab:rev_q2_milestones' on page 37 undefined on input 
line 17.

(./revision_tables/q2_milestones.tex)

LaTeX Warning: Reference `tab:rev_delivery_kind' on page 37 undefined on input 
line 20.

(./revision_tables/delivery_kind.tex)
[37]
[38]

LaTeX Warning: Reference `tab:rev_q2_tight_chains' on page 39 undefined on inpu
t line 26.

(./revision_tables/q2_tight_chains.tex)) (./repair_sections/q2_bound.tex
[39]

LaTeX Warning: Citation `barnhart1998branchprice' on page 40 undefined on input
 line 3.


[40]) (./expanded_sections/05_bound_reasoning.tex

LaTeX Warning: Citation `feillet2004' on page 41 undefined on input line 4.


[41]

LaTeX Warning: Reference `eq:q2_pricing_rc' on page 42 undefined on input line 
6.

)

LaTeX Warning: Reference `fig:q2_seed' on page 42 undefined on input line 100.


[42]

LaTeX Warning: Reference `fig:q2_charging' on page 43 undefined on input line 1
11.


[43]

LaTeX Warning: Reference `tab:q2_energy_alternatives' on page 44 undefined on i
nput line 128.

(./tables/q2_energy_alternatives.tex)
[44] (./expanded_sections/05_repair_theory.tex
[45]

LaTeX Warning: Citation `dolan2002' on page 46 undefined on input line 18.

)) (./chapters/06.tex

LaTeX Warning: Citation `zeng2016uavcom' on page 46 undefined on input line 6.


LaTeX Warning: Citation `zeng2019sky' on page 46 undefined on input line 6.


LaTeX Warning: Citation `iturp525' on page 46 undefined on input line 13.


[46]

LaTeX Warning: Reference `eq:q3_provider' on page 47 undefined on input line 32
.

(./expanded_sections/06_continuous_geometry.tex

LaTeX Warning: Reference `eq:q3_loss' on page 47 undefined on input line 2.


LaTeX Warning: Citation `saunders2024' on page 47 undefined on input line 32.

)
[47]

LaTeX Warning: Reference `eq:common_cruise_altitude' on page 48 undefined on in
put line 42.


[48]

LaTeX Warning: Reference `eq:q3_objective' on page 49 undefined on input line 7
0.

(./expanded_sections/06_coverage_formulation.tex)
(./repair_sections/q3_search.tex
[49]

LaTeX Warning: Reference `app:source_provenance' on page 50 undefined on input 
line 3.


LaTeX Warning: Reference `eq:q3_cover' on page 50 undefined on input line 19.


[50]

LaTeX Warning: Reference `eq:q2_cover' on page 51 undefined on input line 24.


LaTeX Warning: Reference `eq:q3_cover' on page 51 undefined on input line 24.


LaTeX Warning: Reference `eq:q3_lifecycle' on page 51 undefined on input line 3
7.


[51]

LaTeX Warning: Reference `eq:common_recharge' on page 52 undefined on input lin
e 89.


[52]

LaTeX Warning: Reference `eq:q3_lp_energy' on page 53 undefined on input line 1
01.


LaTeX Warning: Reference `eq:q3_lp_charge' on page 53 undefined on input line 1
01.

) (./expanded_sections/06_lp_explanation.tex

LaTeX Warning: Citation `huangfu2018' on page 53 undefined on input line 4.

)
[53]

LaTeX Warning: Reference `tab:q3_full_schedule' on page 54 undefined on input l
ine 82.


LaTeX Warning: Reference `tab:q3_sites' on page 54 undefined on input line 82.


LaTeX Warning: Reference `tab:q3_relays' on page 54 undefined on input line 82.


(./tables/q3_sites.tex) (./tables/q3_relays.tex)

LaTeX Warning: Reference `fig:q3_provider' on page 54 undefined on input line 9
1.


[54]
[55] (./expanded_sections/06_operational_analysis.tex

LaTeX Warning: Reference `tab:rev_q3_transport_energy' on page 56 undefined on 
input line 2.

(./revision_tables/q3_transport_energy.tex)

LaTeX Warning: Reference `tab:rev_q3_relay_energy' on page 56 undefined on inpu
t line 5.

(./revision_tables/q3_relay_energy.tex)
[56]

LaTeX Warning: Reference `tab:rev_q3_provider' on page 57 undefined on input li
ne 11.

(./revision_tables/q3_provider.tex)

LaTeX Warning: Reference `tab:rev_q3_comm_tasks' on page 57 undefined on input 
line 16.

(./revision_tables/q3_comm_tasks.tex))
[57]

LaTeX Warning: Reference `sec:q4' on page 58 undefined on input line 102.


[58]

LaTeX Warning: Reference `tab:q3_loss' on page 59 undefined on input line 109.

(./tables/q3_loss.tex)
[59] (./tables/q3_repair.tex)
[60] (./expanded_sections/06_handoff_recovery.tex)) (./chapters/07.tex
[61] (./expanded_sections/07_component_theory.tex
[62])

LaTeX Warning: Citation `fulkerson1965interval' on page 63 undefined on input l
ine 38.


[63]

LaTeX Warning: Reference `tab:q4_partitions' on page 64 undefined on input line
 60.

(./tables/q4_partitions.tex)
[64] (./expanded_sections/07_group_theory.tex

LaTeX Warning: Citation `fulkerson1965interval' on page 65 undefined on input l
ine 4.

)
[65]

LaTeX Warning: Reference `fig:q4_resources' on page 66 undefined on input line 
87.


LaTeX Warning: Reference `tab:q4_each_group' on page 66 undefined on input line
 90.


LaTeX Warning: Reference `eq:q4_two' on page 66 undefined on input line 90.


LaTeX Warning: Reference `eq:q4_three' on page 66 undefined on input line 90.

(./tables/q4_each_group.tex) (./expanded_sections/07_resource_economics.tex
[66]

LaTeX Warning: Reference `tab:rev_q4_organization' on page 67 undefined on inpu
t line 2.

(./revision_tables/q4_organization.tex)
[67])

LaTeX Warning: Reference `tab:q4_inventory_stress' on page 68 undefined on inpu
t line 106.

(./tables/q4_inventory_stress.tex)
[68]

LaTeX Warning: Reference `tab:q4_crossplans' on page 69 undefined on input line
 123.

(./tables/q4_crossplans.tex) (./expanded_sections/07_cross_layer.tex
[69])) (./chapters/08.tex
[70]
[71]

LaTeX Warning: Citation `xin2025' on page 72 undefined on input line 50.


LaTeX Warning: Citation `dukkanci2026' on page 72 undefined on input line 50.


LaTeX Warning: Citation `li2025hurricane' on page 72 undefined on input line 50
.


LaTeX Warning: Citation `zhang2026communication' on page 72 undefined on input 
line 50.

) (./chapters/09.tex
[72]
[73])
[74]
No file main.bbl.
(./appendices.tex
[75] (./tables/app_q1_boxes.tex

Package longtable Warning: Column widths have changed
(longtable)                in table B.1 on input line 30.

)
[76]

LaTeX Warning: Reference `tab:q2_schedule' on page 77 undefined on input line 3
2.


LaTeX Warning: Reference `fig:q2_gantt' on page 77 undefined on input line 32.

(./tables/app_q2_boxes.tex

Package longtable Warning: Column widths have changed
(longtable)                in table B.2 on input line 35.

)
[77] (./tables/app_deliveries.tex

Package longtable Warning: Column widths have changed
(longtable)                in table B.3 on input line 92.

[78] [79])

LaTeX Warning: Reference `tab:q3_sites' on page 80 undefined on input line 40.


LaTeX Warning: Reference `tab:q3_relays' on page 80 undefined on input line 40.


(./tables/app_q3_boxes.tex

Package longtable Warning: Column widths have changed
(longtable)                in table B.4 on input line 35.

[80])

LaTeX Warning: Reference `tab:q3_full_schedule' on page 81 undefined on input l
ine 44.

(./tables/q3_full_schedule.tex

Package longtable Warning: Column widths have changed
(longtable)                in table B.5 on input line 31.

)
[81]

LaTeX Warning: Reference `tab:app_q1_reserve' on page 82 undefined on input lin
e 71.


LaTeX Warning: Reference `fig:q1_reserve' on page 82 undefined on input line 71
.

(./tables/app_q1_reserve.tex

Package longtable Warning: Column widths have changed
(longtable)                in table C.2 on input line 25.

[82]) (./tables/app_seeds.tex

Package longtable Warning: Column widths have changed
(longtable)                in table C.3 on input line 32.

[83])
[84] (./repair_sections/source_provenance.tex

LaTeX Warning: Citation `ropke2006alns' on page 85 undefined on input line 3.


LaTeX Warning: Citation `barnhart1998branchprice' on page 85 undefined on input
 line 3.


LaTeX Warning: Citation `candidateArchive' on page 85 undefined on input line 5
.


[85]

LaTeX Warning: Reference `sec:q2' on page 86 undefined on input line 23.

)
[86])

Package longtable Warning: Table widths have changed. Rerun LaTeX.


[87] (./main.aux)

LaTeX Warning: There were undefined references.


LaTeX Warning: Label(s) may have changed. Rerun to get cross-references right.


Package rerunfilecheck Warning: File `main.out' has changed.
(rerunfilecheck)                Rerun to get outlines right
(rerunfilecheck)                or use package `bookmark'.

 )
Output written on main.pdf (87 pages).
Transcript written on main.log.
