\BOOKMARK [1][]{section.1}{\376\377\0001\000\040\225\356\230\230\221\315\217\360\116\016\122\006\147\220}{}% 1
\BOOKMARK [2][]{subsection.1.1}{\376\377\0001\000.\0001\000\040\145\121\143\364\127\072\146\157\116\016\116\373\122\241\211\201\154\102}{section.1}% 2
\BOOKMARK [3][]{subsubsection.1.1.1}{\376\377\0001\000.\0001\000.\0001\000\040\217\320\217\223\227\000\154\102\060\001\127\060\137\142\147\141\116\366\116\016\210\305\131\007\215\104\156\220}{subsection.1.1}% 3
\BOOKMARK [3][]{subsubsection.1.1.2}{\376\377\0001\000.\0001\000.\0002\000\040\126\333\116\052\225\356\230\230\166\204\121\263\173\126\203\003\126\364\116\016\217\223\121\372\211\201\154\102}{subsection.1.1}% 4
\BOOKMARK [2][]{subsection.1.2}{\376\377\0001\000.\0002\000\040\121\163\225\056\225\356\230\230\116\016\136\372\152\041\140\035\215\357}{section.1}% 5
\BOOKMARK [3][]{subsubsection.1.2.1}{\376\377\0001\000.\0002\000.\0001\000\040\133\211\121\150\217\175\203\167\116\016\116\015\123\357\142\306\215\047\173\261\176\304\142\171}{subsection.1.2}% 6
\BOOKMARK [3][]{subsubsection.1.2.2}{\376\377\0001\000.\0002\000.\0002\000\040\147\011\226\120\230\336\147\072\124\214\165\065\154\140\147\141\116\366\116\013\166\204\214\003\136\246}{subsection.1.2}% 7
\BOOKMARK [3][]{subsubsection.1.2.3}{\376\377\0001\000.\0002\000.\0003\000\040\217\320\217\223\121\150\217\307\172\013\166\204\220\032\117\341\117\335\226\234}{subsection.1.2}% 8
\BOOKMARK [3][]{subsubsection.1.2.4}{\376\377\0001\000.\0002\000.\0004\000\040\126\372\133\232\145\345\172\013\116\013\166\204\162\354\172\313\122\006\176\304\221\115\177\156}{subsection.1.2}% 9
\BOOKMARK [2][]{subsection.1.3}{\376\377\0001\000.\0003\000\040\166\370\121\163\170\024\172\166\116\016\147\054\230\230\166\204\136\372\152\041\122\007\121\145\160\271}{section.1}% 10
\BOOKMARK [3][]{subsubsection.1.3.1}{\376\377\0001\000.\0003\000.\0001\000\040\145\340\116\272\147\072\221\115\220\001\116\055\166\204\215\357\176\277\116\016\215\104\156\220\123\117\124\014}{subsection.1.3}% 11
\BOOKMARK [3][]{subsubsection.1.3.2}{\376\377\0001\000.\0003\000.\0002\000\040\217\175\203\167\200\375\200\027\116\016\165\065\154\140\140\142\131\015\166\204\200\124\124\010\121\263\173\126}{subsection.1.3}% 12
\BOOKMARK [3][]{subsubsection.1.3.3}{\376\377\0001\000.\0003\000.\0003\000\040\217\336\176\355\220\032\117\341\116\016\116\055\176\347\147\015\122\241\172\227\123\343}{subsection.1.3}% 13
\BOOKMARK [3][]{subsubsection.1.3.4}{\376\377\0001\000.\0003\000.\0004\000\040\124\015\116\111\140\047\200\375\060\001\117\335\226\234\154\064\136\163\116\016\142\147\210\114\140\142\131\015}{subsection.1.3}% 14
\BOOKMARK [2][]{subsection.1.4}{\376\377\0001\000.\0004\000\040\145\271\154\325\176\304\176\307\116\016\133\236\215\050\217\223\121\372}{section.1}% 15
\BOOKMARK [2][]{subsection.1.5}{\376\377\0001\000.\0005\000\040\140\073\117\123\142\200\147\057\215\357\176\277\116\016\225\356\230\230\210\124\143\245}{section.1}% 16
\BOOKMARK [1][]{section.2}{\376\377\0002\000\040\152\041\127\213\120\107\213\276\116\016\173\046\123\367\213\364\146\016}{}% 17
\BOOKMARK [2][]{subsection.2.1}{\376\377\0002\000.\0001\000\040\127\372\147\054\120\107\213\276}{section.2}% 18
\BOOKMARK [2][]{subsection.2.2}{\376\377\0002\000.\0002\000\040\176\337\116\000\213\241\173\227\176\246\133\232}{section.2}% 19
\BOOKMARK [3][]{subsubsection.2.2.1}{\376\377\0002\000.\0002\000.\0001\000\040\172\172\225\364\060\001\145\366\225\364\116\016\215\104\156\220\221\312\145\076}{subsection.2.2}% 20
\BOOKMARK [3][]{subsubsection.2.2.2}{\376\377\0002\000.\0002\000.\0002\000\040\220\032\117\341\147\141\116\366\060\001\213\304\116\367\116\016\145\160\143\156\176\347\142\177}{subsection.2.2}% 21
\BOOKMARK [2][]{subsection.2.3}{\376\377\0002\000.\0003\000\040\116\073\211\201\173\046\123\367\213\364\146\016}{section.2}% 22
\BOOKMARK [1][]{section.3}{\376\377\0003\000\040\145\160\143\156\131\004\164\006\116\016\121\154\121\161\162\151\164\006\152\041\127\213}{}% 23
\BOOKMARK [2][]{subsection.3.1}{\376\377\0003\000.\0001\000\040\217\223\121\145\145\160\143\156\145\164\164\006\116\016\116\000\201\364\140\047\150\300\147\345}{section.3}% 24
\BOOKMARK [3][]{subsubsection.3.1.1}{\376\377\0003\000.\0001\000.\0001\000\040\202\202\160\271\060\001\215\047\173\261\116\016\210\305\131\007\145\160\143\156\121\163\200\124}{subsection.3.1}% 25
\BOOKMARK [3][]{subsubsection.3.1.2}{\376\377\0003\000.\0001\000.\0002\000\040\227\000\154\102\176\323\147\204\116\016\147\072\127\213\133\271\221\317\166\204\133\371\136\224}{subsection.3.1}% 26
\BOOKMARK [3][]{subsubsection.3.1.3}{\376\377\0003\000.\0001\000.\0003\000\040\127\060\137\142\145\160\143\156\123\312\172\172\225\364\127\120\150\007\217\154\143\142}{subsection.3.1}% 27
\BOOKMARK [2][]{subsection.3.2}{\376\377\0003\000.\0002\000\040\127\060\137\142\176\246\147\137\116\013\166\204\202\052\153\265\121\340\117\125}{section.3}% 28
\BOOKMARK [3][]{subsubsection.3.2.1}{\376\377\0003\000.\0002\000.\0001\000\040\202\052\217\371\116\016\127\060\137\142\120\317\121\103\166\204\133\214\145\164\166\370\116\244}{subsection.3.2}% 29
\BOOKMARK [3][]{subsubsection.3.2.2}{\376\377\0003\000.\0002\000.\0002\000\040\121\340\117\125\116\213\116\366\122\006\122\162\116\016\213\241\173\227\177\023\133\130}{subsection.3.2}% 30
\BOOKMARK [3][]{subsubsection.3.2.3}{\376\377\0003\000.\0002\000.\0003\000\040\135\341\202\052\155\167\142\324\060\001\117\134\116\032\232\330\136\246\116\016\230\336\210\114\226\066\153\265}{subsection.3.2}% 31
\BOOKMARK [2][]{subsection.3.3}{\376\377\0003\000.\0003\000\040\217\320\217\223\116\373\122\241\166\204\217\175\203\167\116\016\145\366\225\364\213\241\173\227}{section.3}% 32
\BOOKMARK [3][]{subsubsection.3.3.1}{\376\377\0003\000.\0003\000.\0001\000\040\116\373\122\241\176\304\142\020\116\016\220\020\172\331\123\170\215\047}{subsection.3.3}% 33
\BOOKMARK [3][]{subsubsection.3.3.2}{\376\377\0003\000.\0003\000.\0002\000\040\116\244\143\245\133\214\142\020\145\366\122\073\116\016\217\324\202\052\145\366\225\364}{subsection.3.3}% 34
\BOOKMARK [2][]{subsection.3.4}{\376\377\0003\000.\0004\000\040\200\375\200\027\213\241\173\227\116\016\217\324\202\052\133\211\121\150\176\246\147\137}{section.3}% 35
\BOOKMARK [3][]{subsubsection.3.4.1}{\376\377\0003\000.\0004\000.\0001\000\040\217\175\203\167\166\370\121\163\202\052\172\013\116\016\122\006\226\066\153\265\200\375\200\027}{subsection.3.4}% 36
\BOOKMARK [3][]{subsubsection.3.4.2}{\376\377\0003\000.\0004\000.\0002\000\040\116\373\122\241\140\073\200\375\200\027\116\016\217\324\202\052\122\151\117\131\165\065\221\317}{subsection.3.4}% 37
\BOOKMARK [3][]{subsubsection.3.4.3}{\376\377\0003\000.\0004\000.\0003\000\040\217\175\203\167\166\204\217\271\226\105\200\375\200\027\116\016\133\211\121\150\217\271\165\114}{subsection.3.4}% 38
\BOOKMARK [2][]{subsection.3.5}{\376\377\0003\000.\0005\000\040\200\375\156\220\140\142\131\015\116\016\215\104\156\220\123\140\165\050}{section.3}% 39
\BOOKMARK [3][]{subsubsection.3.5.1}{\376\377\0003\000.\0005\000.\0001\000\040\116\044\226\066\153\265\121\105\165\065\140\142\131\015\145\366\225\364}{subsection.3.5}% 40
\BOOKMARK [3][]{subsubsection.3.5.2}{\376\377\0003\000.\0005\000.\0002\000\040\230\336\147\072\060\001\165\065\154\140\116\016\116\055\176\347\215\104\156\220\166\204\221\312\145\076\123\072\122\053}{subsection.3.5}% 41
\BOOKMARK [3][]{subsubsection.3.5.3}{\376\377\0003\000.\0005\000.\0003\000\040\121\105\165\065\140\142\131\015\133\371\200\375\156\220\120\117\135\356\166\204\124\315\136\224}{subsection.3.5}% 42
\BOOKMARK [3][]{subsubsection.3.5.4}{\376\377\0003\000.\0005\000.\0004\000\040\133\214\145\164\123\125\160\271\116\373\122\241\166\204\213\241\173\227\224\376\171\072\117\213}{subsection.3.5}% 43
\BOOKMARK [2][]{subsection.3.6}{\376\377\0003\000.\0006\000\040\121\154\121\161\152\041\127\213\150\070\232\214}{section.3}% 44
\BOOKMARK [3][]{subsubsection.3.6.1}{\376\377\0003\000.\0006\000.\0001\000\040\121\340\117\125\116\016\123\125\116\373\122\241\213\241\173\227\150\070\133\371}{subsection.3.6}% 45
\BOOKMARK [3][]{subsubsection.3.6.2}{\376\377\0003\000.\0006\000.\0002\000\040\116\373\122\241\217\223\121\372\116\016\124\016\176\355\152\041\127\213\143\245\123\343}{subsection.3.6}% 46
\BOOKMARK [1][]{section.4}{\376\377\0004\000\040\225\356\230\230\116\000\377\032\133\211\121\150\217\320\217\223\200\375\122\233\116\016\215\047\173\261\176\304\142\171}{}% 47
\BOOKMARK [2][]{subsection.4.1}{\376\377\0004\000.\0001\000\040\225\356\230\230\122\006\147\220\116\016\154\102\211\343\140\035\215\357}{section.4}% 48
\BOOKMARK [3][]{subsubsection.4.1.1}{\376\377\0004\000.\0001\000.\0001\000\040\123\125\160\271\137\200\217\324\166\204\217\320\217\223\200\375\122\233\226\120\122\066}{subsection.4.1}% 49
\BOOKMARK [3][]{subsubsection.4.1.2}{\376\377\0004\000.\0001\000.\0002\000\040\116\316\133\211\121\150\217\175\203\167\122\060\171\273\145\143\176\304\142\171}{subsection.4.1}% 50
\BOOKMARK [2][]{subsection.4.2}{\376\377\0004\000.\0002\000\040\133\211\121\150\217\175\203\167\116\016\176\304\142\171\152\041\127\213}{section.4}% 51
\BOOKMARK [3][]{subsubsection.4.2.1}{\376\377\0004\000.\0002\000.\0001\000\040\147\000\131\047\133\211\121\150\217\175\203\167\213\241\173\227}{subsection.4.2}% 52
\BOOKMARK [3][]{subsubsection.4.2.2}{\376\377\0004\000.\0002\000.\0002\000\040\123\357\210\114\215\047\173\261\176\304\124\010\116\016\133\214\145\164\221\115\220\001\176\246\147\137}{subsection.4.2}% 53
\BOOKMARK [3][]{subsubsection.4.2.3}{\376\377\0004\000.\0002\000.\0003\000\040\147\266\153\041\060\001\200\375\200\027\116\016\175\057\213\241\145\366\225\364\166\204\153\324\217\203\230\172\136\217}{subsection.4.2}% 54
\BOOKMARK [3][]{subsubsection.4.2.4}{\376\377\0004\000.\0002\000.\0004\000\040\143\011\147\015\122\241\123\072\122\006\211\343\166\204\173\111\116\367\140\047}{subsection.4.2}% 55
\BOOKMARK [3][]{subsubsection.4.2.5}{\376\377\0004\000.\0002\000.\0005\000\040\133\271\221\317\116\013\165\114\116\016\120\031\220\011\173\133\220\011}{subsection.4.2}% 56
\BOOKMARK [2][]{subsection.4.3}{\376\377\0004\000.\0003\000\040\174\276\170\156\154\102\211\343\145\271\154\325}{section.4}% 57
\BOOKMARK [3][]{subsubsection.4.3.1}{\376\377\0004\000.\0003\000.\0001\000\040\123\237\131\313\215\047\173\261\152\041\127\213\116\016\173\111\116\367\215\047\173\261\123\213\177\051}{subsection.4.3}% 58
\BOOKMARK [3][]{subsubsection.4.3.2}{\376\377\0004\000.\0003\000.\0002\000\040\122\151\117\131\227\000\154\102\162\266\140\001\166\204\122\250\140\001\211\304\122\022}{subsection.4.3}% 59
\BOOKMARK [3][]{subsubsection.4.3.3}{\376\377\0004\000.\0003\000.\0003\000\040\220\022\143\250\230\172\136\217\060\001\145\057\221\115\173\133\220\011\116\016\123\237\173\261\123\367\140\142\131\015}{subsection.4.3}% 60
\BOOKMARK [3][]{subsubsection.4.3.4}{\376\377\0004\000.\0003\000.\0004\000\040\131\032\171\315\174\276\170\156\145\271\154\325\166\204\116\244\123\311\150\070\232\214}{subsection.4.3}% 61
\BOOKMARK [2][]{subsection.4.4}{\376\377\0004\000.\0004\000\040\217\320\217\223\145\271\150\110\116\016\176\323\147\234\122\006\147\220}{section.4}% 62
\BOOKMARK [3][]{subsubsection.4.4.1}{\376\377\0004\000.\0004\000.\0001\000\040\0001\0008\147\266\153\041\145\271\150\110\123\312\147\000\134\021\147\266\153\041\213\301\146\016}{subsection.4.4}% 63
\BOOKMARK [3][]{subsubsection.4.4.2}{\376\377\0004\000.\0004\000.\0002\000\040\147\015\122\241\123\072\176\304\142\171\116\016\147\072\127\213\122\006\221\115}{subsection.4.4}% 64
\BOOKMARK [3][]{subsubsection.4.4.3}{\376\377\0004\000.\0004\000.\0003\000\040\127\372\176\277\145\271\150\110\116\016\147\266\153\041\040\024\200\375\200\027\147\103\210\141}{subsection.4.4}% 65
\BOOKMARK [3][]{subsubsection.4.4.4}{\376\377\0004\000.\0004\000.\0004\000\040\155\367\124\010\147\072\127\213\166\204\142\020\147\054\122\006\142\305}{subsection.4.4}% 66
\BOOKMARK [3][]{subsubsection.4.4.5}{\376\377\0004\000.\0004\000.\0005\000\040\123\302\145\160\123\330\123\026\116\016\133\236\226\105\116\373\122\241\214\003\145\164}{subsection.4.4}% 67
\BOOKMARK [2][]{subsection.4.5}{\376\377\0004\000.\0005\000\040\172\063\120\145\140\047\116\016\145\117\141\037\140\047\122\006\147\220}{section.4}% 68
\BOOKMARK [3][]{subsubsection.4.5.1}{\376\377\0004\000.\0005\000.\0001\000\040\123\237\176\304\142\171\145\271\150\110\166\204\133\211\121\150\117\131\221\317\133\271\137\315\203\003\126\364}{subsection.4.5}% 69
\BOOKMARK [3][]{subsubsection.4.5.2}{\376\377\0004\000.\0005\000.\0002\000\040\133\211\121\150\117\131\221\317\133\371\217\175\203\167\200\375\122\233\116\016\147\000\134\021\147\266\153\041\166\204\137\161\124\315}{subsection.4.5}% 70
\BOOKMARK [3][]{subsubsection.4.5.3}{\376\377\0004\000.\0005\000.\0003\000\040\200\375\200\027\117\060\213\241\120\117\135\356\116\016\176\304\142\171\176\323\147\204\123\330\123\026}{subsection.4.5}% 71
\BOOKMARK [1][]{section.5}{\376\377\0005\000\040\225\356\230\230\116\214\377\032\217\320\217\223\116\373\122\241\116\016\121\161\116\253\165\065\154\140\200\124\124\010\214\003\136\246}{}% 72
\BOOKMARK [2][]{subsection.5.1}{\376\377\0005\000.\0001\000\040\225\356\230\230\122\006\147\220\116\016\154\102\211\343\140\035\215\357}{section.5}% 73
\BOOKMARK [3][]{subsubsection.5.1.1}{\376\377\0005\000.\0001\000.\0001\000\040\176\304\142\171\060\001\213\277\225\356\230\172\136\217\116\016\221\115\220\001\145\366\226\120\166\204\200\046\124\010}{subsection.5.1}% 74
\BOOKMARK [3][]{subsubsection.5.1.2}{\376\377\0005\000.\0001\000.\0002\000\040\230\336\147\072\221\312\145\076\116\016\165\065\154\140\140\142\131\015\166\204\116\015\124\014\153\145}{subsection.5.1}% 75
\BOOKMARK [2][]{subsection.5.2}{\376\377\0005\000.\0002\000\040\131\032\147\266\153\041\200\124\124\010\214\003\136\246\152\041\127\213}{section.5}% 76
\BOOKMARK [3][]{subsubsection.5.2.1}{\376\377\0005\000.\0002\000.\0001\000\040\217\320\217\223\116\373\122\241\220\011\142\351\116\016\215\047\173\261\133\214\145\164\221\115\220\001}{subsection.5.2}% 77
\BOOKMARK [3][]{subsubsection.5.2.2}{\376\377\0005\000.\0002\000.\0002\000\040\230\336\147\072\060\001\165\065\154\140\143\007\155\076\116\016\145\366\225\364\121\262\172\201\176\246\147\137}{subsection.5.2}% 78
\BOOKMARK [3][]{subsubsection.5.2.3}{\376\377\0005\000.\0002\000.\0003\000\040\170\154\142\052\153\142\060\001\147\037\147\033\220\001\217\276\116\016\166\356\150\007\117\030\121\110\121\163\174\373}{subsection.5.2}% 79
\BOOKMARK [3][]{subsubsection.5.2.4}{\376\377\0005\000.\0002\000.\0004\000\040\116\373\122\241\124\057\165\050\116\016\215\104\156\220\121\110\124\016\166\204\146\076\137\017\217\336\143\245}{subsection.5.2}% 80
\BOOKMARK [3][]{subsubsection.5.2.5}{\376\377\0005\000.\0002\000.\0005\000\040\122\006\134\102\166\356\150\007\116\016\144\034\175\042\213\304\122\006\166\204\122\006\135\345}{subsection.5.2}% 81
\BOOKMARK [2][]{subsection.5.3}{\376\377\0005\000.\0003\000\040\214\003\136\246\145\271\150\110\166\204\147\204\220\040\116\016\145\071\217\333}{section.5}% 82
\BOOKMARK [3][]{subsubsection.5.3.1}{\376\377\0005\000.\0003\000.\0001\000\040\116\316\116\373\122\241\230\172\136\217\165\037\142\020\142\147\210\114\145\366\225\364\210\150}{subsection.5.3}% 83
\BOOKMARK [3][]{subsubsection.5.3.2}{\376\377\0005\000.\0003\000.\0002\000\040\215\047\173\261\171\373\226\144\060\001\221\315\145\260\143\322\121\145\116\016\134\100\220\350\214\003\145\164}{subsection.5.3}% 84
\BOOKMARK [3][]{subsubsection.5.3.3}{\376\377\0005\000.\0003\000.\0003\000\040\144\034\175\042\143\245\123\327\211\304\122\031\116\016\162\354\172\313\145\271\150\110\150\070\232\214}{subsection.5.3}% 85
\BOOKMARK [3][]{subsubsection.5.3.4}{\376\377\0005\000.\0003\000.\0004\000\040\143\322\121\145\147\072\117\032\116\016\215\104\156\220\164\366\230\210\166\204\221\115\124\010}{subsection.5.3}% 86
\BOOKMARK [3][]{subsubsection.5.3.5}{\376\377\0005\000.\0003\000.\0005\000\040\116\000\153\041\173\261\176\304\214\003\145\164\140\016\150\067\117\040\144\255\122\060\133\214\145\164\145\345\172\013}{subsection.5.3}% 87
\BOOKMARK [2][]{subsection.5.4}{\376\377\0005\000.\0004\000\040\214\003\136\246\176\323\147\234\116\016\215\050\221\317\213\304\116\367}{section.5}% 88
\BOOKMARK [3][]{subsubsection.5.4.1}{\376\377\0005\000.\0004\000.\0001\000\040\217\320\217\223\215\357\176\277\123\312\230\336\147\072\040\024\165\065\154\140\142\147\210\114\133\211\143\222}{subsection.5.4}% 89
\BOOKMARK [3][]{subsubsection.5.4.2}{\376\377\0005\000.\0004\000.\0002\000\040\173\261\176\247\145\366\226\120\116\016\217\324\202\052\165\065\221\317\150\070\232\214}{subsection.5.4}% 90
\BOOKMARK [3][]{subsubsection.5.4.3}{\376\377\0005\000.\0004\000.\0003\000\040\147\072\127\213\122\006\135\345\116\016\142\147\210\114\215\037\217\175}{subsection.5.4}% 91
\BOOKMARK [3][]{subsubsection.5.4.4}{\376\377\0005\000.\0004\000.\0004\000\040\116\244\116\330\217\333\136\246\116\016\116\373\122\241\133\214\142\020\134\102\153\041}{subsection.5.4}% 92
\BOOKMARK [3][]{subsubsection.5.4.5}{\376\377\0005\000.\0004\000.\0005\000\040\165\065\154\140\121\161\116\253\166\204\133\236\226\105\143\245\176\355\121\163\174\373}{subsection.5.4}% 93
\BOOKMARK [3][]{subsubsection.5.4.6}{\376\377\0005\000.\0004\000.\0006\000\040\121\163\225\056\215\104\156\220\215\037\217\175\123\312\116\015\124\014\147\266\153\041\145\160\145\271\150\110\153\324\217\203}{subsection.5.4}% 94
\BOOKMARK [3][]{subsubsection.5.4.7}{\376\377\0005\000.\0004\000.\0007\000\040\133\214\142\020\145\366\225\364\116\013\165\114\116\016\123\357\210\114\145\271\150\110\135\356\215\335}{subsection.5.4}% 95
\BOOKMARK [3][]{subsubsection.5.4.8}{\376\377\0005\000.\0004\000.\0008\000\040\133\214\145\164\133\232\116\367\140\016\150\067\142\212\213\241\173\227\176\323\147\234\217\154\116\072\116\013\165\114}{subsection.5.4}% 96
\BOOKMARK [2][]{subsection.5.5}{\376\377\0005\000.\0005\000\040\172\063\120\145\140\047\116\016\145\117\141\037\140\047\122\006\147\220}{section.5}% 97
\BOOKMARK [3][]{subsubsection.5.5.1}{\376\377\0005\000.\0005\000.\0001\000\040\116\015\124\014\226\217\147\072\171\315\133\120\116\013\166\204\176\323\147\234\172\063\133\232\140\047}{subsection.5.5}% 98
\BOOKMARK [3][]{subsubsection.5.5.2}{\376\377\0005\000.\0005\000.\0002\000\040\121\105\165\065\145\366\225\364\123\330\123\026\133\371\214\003\136\246\166\204\137\161\124\315}{subsection.5.5}% 99
\BOOKMARK [3][]{subsubsection.5.5.3}{\376\377\0005\000.\0005\000.\0003\000\040\117\134\116\032\136\366\217\337\133\371\143\011\145\366\116\244\116\330\166\204\137\161\124\315}{subsection.5.5}% 100
\BOOKMARK [3][]{subsubsection.5.5.4}{\376\377\0005\000.\0005\000.\0004\000\040\200\375\200\027\120\117\135\356\116\016\133\211\121\150\117\131\221\317\166\204\133\271\137\315\203\003\126\364}{subsection.5.5}% 101
\BOOKMARK [3][]{subsubsection.5.5.5}{\376\377\0005\000.\0005\000.\0005\000\040\126\372\133\232\215\104\156\220\230\172\136\217\116\013\166\204\147\000\145\351\230\172\136\366\117\356\131\015}{subsection.5.5}% 102
\BOOKMARK [3][]{subsubsection.5.5.6}{\376\377\0005\000.\0005\000.\0006\000\040\116\316\123\213\122\233\146\362\176\277\137\142\142\020\122\006\176\247\214\003\145\164\211\304\122\031}{subsection.5.5}% 103
\BOOKMARK [1][]{section.6}{\376\377\0006\000\040\225\356\230\230\116\011\377\032\217\336\176\355\220\032\117\341\117\335\226\234\116\013\166\204\217\320\217\223\040\024\116\055\176\347\200\124\124\010\214\003\136\246}{}% 104
\BOOKMARK [2][]{subsection.6.1}{\376\377\0006\000.\0001\000\040\225\356\230\230\122\006\147\220\116\016\154\102\211\343\140\035\215\357}{section.6}% 105
\BOOKMARK [3][]{subsubsection.6.1.1}{\376\377\0006\000.\0001\000.\0001\000\040\217\320\217\223\217\150\217\371\116\055\166\204\220\032\117\341\227\000\154\102}{subsection.6.1}% 106
\BOOKMARK [3][]{subsubsection.6.1.2}{\376\377\0006\000.\0001\000.\0002\000\040\116\055\176\347\117\115\177\156\060\001\147\015\122\241\172\227\123\343\116\016\217\320\217\223\145\366\122\073\166\204\200\046\124\010}{subsection.6.1}% 107
\BOOKMARK [2][]{subsection.6.2}{\376\377\0006\000.\0002\000\040\217\336\176\355\220\032\117\341\116\016\200\124\124\010\214\003\136\246\152\041\127\213}{section.6}% 108
\BOOKMARK [3][]{subsubsection.6.2.1}{\376\377\0006\000.\0002\000.\0001\000\040\166\364\217\336\124\214\123\125\116\055\176\347\224\376\215\357\123\357\165\050\147\141\116\366}{subsection.6.2}% 109
\BOOKMARK [3][]{subsubsection.6.2.2}{\376\377\0006\000.\0002\000.\0002\000\040\224\376\215\357\215\335\171\273\225\350\226\120\116\016\127\060\137\142\162\266\140\001}{subsection.6.2}% 110
\BOOKMARK [3][]{subsubsection.6.2.3}{\376\377\0006\000.\0002\000.\0003\000\040\226\066\153\265\217\150\217\371\116\016\220\032\117\341\116\213\116\366\122\006\122\162}{subsection.6.2}% 111
\BOOKMARK [3][]{subsubsection.6.2.4}{\376\377\0006\000.\0002\000.\0004\000\040\116\055\176\347\217\154\127\072\060\001\140\254\120\134\116\016\200\375\156\220\155\210\200\027}{subsection.6.2}% 112
\BOOKMARK [3][]{subsubsection.6.2.5}{\376\377\0006\000.\0002\000.\0005\000\040\217\336\176\355\147\015\122\241\060\001\215\104\156\220\143\245\176\355\116\016\200\124\124\010\133\214\142\020\145\366\225\364}{subsection.6.2}% 113
\BOOKMARK [3][]{subsubsection.6.2.6}{\376\377\0006\000.\0002\000.\0006\000\040\147\015\122\241\172\227\123\343\116\016\116\044\174\173\116\055\176\347\215\104\156\220\166\204\217\336\143\245}{subsection.6.2}% 114
\BOOKMARK [3][]{subsubsection.6.2.7}{\376\377\0006\000.\0002\000.\0007\000\040\122\006\134\102\213\241\173\227\116\055\166\204\121\263\173\126\143\245\123\343}{subsection.6.2}% 115
\BOOKMARK [2][]{subsection.6.3}{\376\377\0006\000.\0003\000\040\116\055\176\347\220\350\177\162\116\016\116\373\122\241\145\366\136\217\166\204\200\124\124\010\154\102\211\343}{section.6}% 116
\BOOKMARK [3][]{subsubsection.6.3.1}{\376\377\0006\000.\0003\000.\0001\000\040\120\031\220\011\140\254\120\134\117\115\177\156\165\037\142\020\116\016\123\357\147\015\122\241\123\072\225\364\213\241\173\227}{subsection.6.3}% 117
\BOOKMARK [3][]{subsubsection.6.3.2}{\376\377\0006\000.\0003\000.\0002\000\040\220\032\117\341\143\320\117\233\145\271\116\016\215\104\156\220\230\172\136\217\166\204\200\124\124\010\220\011\142\351}{subsection.6.3}% 118
\BOOKMARK [3][]{subsubsection.6.3.3}{\376\377\0006\000.\0003\000.\0003\000\040\176\331\133\232\116\373\122\241\176\323\147\204\124\016\166\204\145\366\225\364\133\211\143\222\117\030\123\026}{subsection.6.3}% 119
\BOOKMARK [3][]{subsubsection.6.3.4}{\376\377\0006\000.\0003\000.\0004\000\040\176\331\133\232\176\323\147\204\166\204\217\336\176\355\174\276\117\356\116\016\131\015\150\070\143\245\123\343}{subsection.6.3}% 120
\BOOKMARK [2][]{subsection.6.4}{\376\377\0006\000.\0004\000\040\200\124\124\010\145\271\150\110\116\016\176\323\147\234\232\214\213\301}{section.6}% 121
\BOOKMARK [3][]{subsubsection.6.4.1}{\376\377\0006\000.\0004\000.\0001\000\040\217\320\217\223\145\345\172\013\116\016\116\055\176\347\220\350\177\162\145\271\150\110}{subsection.6.4}% 122
\BOOKMARK [3][]{subsubsection.6.4.2}{\376\377\0006\000.\0004\000.\0002\000\040\217\336\176\355\220\032\117\341\123\312\215\104\156\220\123\140\165\050\150\070\232\214}{subsection.6.4}% 123
\BOOKMARK [3][]{subsubsection.6.4.3}{\376\377\0006\000.\0004\000.\0003\000\040\217\320\217\223\116\016\116\055\176\347\200\375\156\220\142\020\147\054\166\204\122\006\211\343}{subsection.6.4}% 124
\BOOKMARK [3][]{subsubsection.6.4.4}{\376\377\0006\000.\0004\000.\0004\000\040\220\032\117\341\143\320\117\233\145\271\166\204\133\236\226\105\117\335\226\234\135\345\117\134\221\317}{subsection.6.4}% 125
\BOOKMARK [3][]{subsubsection.6.4.5}{\376\377\0006\000.\0004\000.\0005\000\040\220\032\117\341\122\007\143\142\133\371\147\000\124\016\217\324\202\052\145\366\225\364\166\204\137\161\124\315}{subsection.6.4}% 126
\BOOKMARK [3][]{subsubsection.6.4.6}{\376\377\0006\000.\0004\000.\0006\000\040\135\345\147\037\117\030\121\110\116\016\202\202\200\375\131\007\220\011\145\271\150\110\153\324\217\203}{subsection.6.4}% 127
\BOOKMARK [2][]{subsection.6.5}{\376\377\0006\000.\0005\000\040\172\063\120\145\140\047\116\016\145\117\141\037\140\047\122\006\147\220}{section.6}% 128
\BOOKMARK [3][]{subsubsection.6.5.1}{\376\377\0006\000.\0005\000.\0001\000\040\226\104\122\240\117\040\144\255\143\137\200\027\116\013\166\204\220\032\117\341\123\357\210\114\140\047}{subsection.6.5}% 129
\BOOKMARK [3][]{subsubsection.6.5.2}{\376\377\0006\000.\0005\000.\0002\000\040\116\055\176\347\122\060\117\115\136\366\217\337\116\013\166\204\147\015\122\241\217\336\176\355\140\047}{subsection.6.5}% 130
\BOOKMARK [3][]{subsubsection.6.5.3}{\376\377\0006\000.\0005\000.\0003\000\040\117\335\226\234\210\325\136\246\116\016\135\345\147\037\060\001\200\375\200\027\166\204\147\103\210\141}{subsection.6.5}% 131
\BOOKMARK [3][]{subsubsection.6.5.4}{\376\377\0006\000.\0005\000.\0004\000\040\220\032\117\341\116\244\143\245\176\246\147\137\166\204\140\142\131\015\211\343\221\312}{subsection.6.5}% 132
\BOOKMARK [1][]{section.7}{\376\377\0007\000\040\225\356\230\230\126\333\377\032\126\372\133\232\145\345\172\013\116\013\166\204\162\354\172\313\122\006\176\304\116\016\215\104\156\220\221\115\177\156}{}% 133
\BOOKMARK [2][]{subsection.7.1}{\376\377\0007\000.\0001\000\040\225\356\230\230\122\006\147\220\116\016\154\102\211\343\140\035\215\357}{section.7}% 134
\BOOKMARK [3][]{subsubsection.7.1.1}{\376\377\0007\000.\0001\000.\0001\000\040\126\372\133\232\116\373\122\241\145\345\172\013\116\016\176\304\225\364\116\015\121\161\116\253\176\246\147\137}{subsection.7.1}% 135
\BOOKMARK [3][]{subsubsection.7.1.2}{\376\377\0007\000.\0001\000.\0002\000\040\217\320\217\223\116\016\220\032\117\341\121\163\200\124\137\142\142\020\166\204\116\015\123\357\142\306\122\006\121\163\174\373}{subsection.7.1}% 136
\BOOKMARK [3][]{subsubsection.7.1.3}{\376\377\0007\000.\0001\000.\0003\000\040\121\163\200\124\123\213\177\051\166\204\173\111\116\367\140\047}{subsection.7.1}% 137
\BOOKMARK [2][]{subsection.7.2}{\376\377\0007\000.\0002\000\040\122\006\176\304\116\016\122\006\174\173\127\213\215\104\156\220\221\115\177\156\152\041\127\213}{section.7}% 138
\BOOKMARK [3][]{subsubsection.7.2.1}{\376\377\0007\000.\0002\000.\0001\000\040\124\010\154\325\122\006\176\304\116\016\133\214\145\164\116\373\122\241\137\122\134\136}{subsection.7.2}% 139
\BOOKMARK [3][]{subsubsection.7.2.2}{\376\377\0007\000.\0002\000.\0002\000\040\126\372\133\232\123\140\165\050\123\072\225\364\116\016\176\304\121\205\147\000\134\021\215\104\156\220\145\160}{subsection.7.2}% 140
\BOOKMARK [3][]{subsubsection.7.2.3}{\376\377\0007\000.\0002\000.\0003\000\040\136\223\133\130\177\072\123\343\060\001\221\115\177\156\211\304\152\041\116\016\135\345\117\134\221\317\127\107\210\141}{subsection.7.2}% 141
\BOOKMARK [2][]{subsection.7.3}{\376\377\0007\000.\0003\000\040\124\010\154\325\122\006\123\072\166\204\133\214\145\164\147\232\116\076}{section.7}% 142
\BOOKMARK [3][]{subsubsection.7.3.1}{\376\377\0007\000.\0003\000.\0001\000\040\116\015\123\357\142\306\116\373\122\241\127\127\123\213\177\051\116\016\122\006\123\072\165\037\142\020}{subsection.7.3}% 143
\BOOKMARK [3][]{subsubsection.7.3.2}{\376\377\0007\000.\0003\000.\0002\000\040\215\104\156\220\134\360\120\074\060\001\133\236\117\123\143\007\155\076\116\016\147\000\134\021\221\115\177\156\150\070\232\214}{subsection.7.3}% 144
\BOOKMARK [3][]{subsubsection.7.3.3}{\376\377\0007\000.\0003\000.\0003\000\040\147\000\134\021\215\104\156\220\145\160\116\016\123\357\142\147\210\114\215\104\156\220\224\376}{subsection.7.3}% 145
\BOOKMARK [2][]{subsection.7.4}{\376\377\0007\000.\0004\000\040\162\354\172\313\142\147\210\114\145\271\150\110\116\016\215\104\156\220\177\072\123\343}{section.7}% 146
\BOOKMARK [3][]{subsubsection.7.4.1}{\376\377\0007\000.\0004\000.\0001\000\040\116\044\176\304\162\354\172\313\142\147\210\114\166\204\221\115\177\156\176\323\147\234}{subsection.7.4}% 147
\BOOKMARK [3][]{subsubsection.7.4.2}{\376\377\0007\000.\0004\000.\0002\000\040\116\011\176\304\162\354\172\313\142\147\210\114\166\204\221\115\177\156\176\323\147\234}{subsection.7.4}% 148
\BOOKMARK [3][]{subsubsection.7.4.3}{\376\377\0007\000.\0004\000.\0003\000\040\122\006\176\304\137\025\215\167\166\204\215\104\156\220\121\161\116\253\143\137\131\061}{subsection.7.4}% 149
\BOOKMARK [3][]{subsubsection.7.4.4}{\376\377\0007\000.\0004\000.\0004\000\040\121\161\116\253\130\236\221\317\060\001\136\223\133\130\177\072\123\343\116\016\122\151\117\131\166\204\122\006\171\273}{subsection.7.4}% 150
\BOOKMARK [3][]{subsubsection.7.4.5}{\376\377\0007\000.\0004\000.\0005\000\040\210\145\121\105\116\000\116\366\215\104\156\220\166\204\217\271\226\105\117\134\165\050}{subsection.7.4}% 151
\BOOKMARK [2][]{subsection.7.5}{\376\377\0007\000.\0005\000\040\172\063\120\145\140\047\116\016\145\117\141\037\140\047\122\006\147\220}{section.7}% 152
\BOOKMARK [3][]{subsubsection.7.5.1}{\376\377\0007\000.\0005\000.\0001\000\040\122\006\174\173\127\213\136\223\133\130\130\236\121\317\116\016\121\163\225\056\215\104\156\220\213\306\122\053}{subsection.7.5}% 153
\BOOKMARK [3][]{subsubsection.7.5.2}{\376\377\0007\000.\0005\000.\0002\000\040\136\223\133\130\123\330\123\026\116\013\166\204\122\006\176\304\220\011\142\351\172\063\133\232\140\047}{subsection.7.5}% 154
\BOOKMARK [3][]{subsubsection.7.5.3}{\376\377\0007\000.\0005\000.\0003\000\040\116\015\124\014\217\320\217\223\040\024\116\055\176\347\230\204\150\110\166\204\221\115\177\156\116\343\116\367}{subsection.7.5}% 155
\BOOKMARK [3][]{subsubsection.7.5.4}{\376\377\0007\000.\0005\000.\0004\000\040\136\223\133\130\172\063\133\232\140\047\116\016\176\304\176\307\127\107\210\141\166\204\121\161\124\014\211\343\221\312}{subsection.7.5}% 156
\BOOKMARK [3][]{subsubsection.7.5.5}{\376\377\0007\000.\0005\000.\0005\000\040\116\012\156\070\230\204\150\110\116\016\162\354\172\313\221\115\177\156\166\204\210\124\143\245}{subsection.7.5}% 157
\BOOKMARK [1][]{section.8}{\376\377\0008\000\040\152\041\127\213\213\304\116\367\116\016\145\071\217\333}{}% 158
\BOOKMARK [2][]{subsection.8.1}{\376\377\0008\000.\0001\000\040\176\337\116\000\152\041\127\213\116\016\122\006\134\102\154\102\211\343\166\204\162\171\160\271}{section.8}% 159
\BOOKMARK [3][]{subsubsection.8.1.1}{\376\377\0008\000.\0001\000.\0001\000\040\116\316\123\125\147\266\153\041\134\136\140\047\122\060\174\373\176\337\142\147\210\114\166\204\217\336\176\355\213\272\213\301}{subsection.8.1}% 160
\BOOKMARK [3][]{subsubsection.8.1.2}{\376\377\0008\000.\0001\000.\0002\000\040\143\011\225\356\230\230\176\323\147\204\220\011\142\351\213\241\173\227\145\271\154\325}{subsection.8.1}% 161
\BOOKMARK [2][]{subsection.8.2}{\376\377\0008\000.\0002\000\040\116\316\145\160\120\074\176\323\147\234\143\320\160\274\145\121\143\364\121\263\173\126\211\304\137\213}{section.8}% 162
\BOOKMARK [3][]{subsubsection.8.2.1}{\376\377\0008\000.\0002\000.\0001\000\040\217\175\203\167\060\001\200\375\156\220\124\214\145\366\225\364\166\204\166\370\116\222\117\134\165\050}{subsection.8.2}% 163
\BOOKMARK [3][]{subsubsection.8.2.2}{\376\377\0008\000.\0002\000.\0002\000\040\121\161\116\253\215\104\156\220\116\016\162\354\172\313\176\304\176\307\166\204\221\317\123\026\116\367\120\074}{subsection.8.2}% 164
\BOOKMARK [2][]{subsection.8.3}{\376\377\0008\000.\0003\000\040\117\335\226\234\116\016\140\142\131\015\166\204\133\236\145\275\215\357\137\204}{section.8}% 165
\BOOKMARK [3][]{subsubsection.8.3.1}{\376\377\0008\000.\0003\000.\0001\000\040\143\011\123\330\123\026\147\145\156\220\220\011\142\351\147\000\134\017\214\003\145\164\134\102\153\041}{subsection.8.3}% 166
\BOOKMARK [3][]{subsubsection.8.3.2}{\376\377\0008\000.\0003\000.\0002\000\040\116\016\146\364\136\177\154\333\116\015\170\156\133\232\117\030\123\026\166\204\210\124\143\245}{subsection.8.3}% 167
\BOOKMARK [1][]{section.9}{\376\377\0009\000\040\176\323\213\272}{}% 168
\BOOKMARK [2][]{subsection.9.1}{\376\377\0009\000.\0001\000\040\126\333\116\052\225\356\230\230\166\204\116\073\211\201\176\323\147\234}{section.9}% 169
\BOOKMARK [3][]{subsubsection.9.1.1}{\376\377\0009\000.\0001\000.\0001\000\040\133\211\121\150\200\375\122\233\116\016\147\011\226\120\215\104\156\220\217\320\217\223}{subsection.9.1}% 170
\BOOKMARK [3][]{subsubsection.9.1.2}{\376\377\0009\000.\0001\000.\0002\000\040\217\336\176\355\220\032\117\341\116\016\162\354\172\313\215\104\156\220\221\115\177\156}{subsection.9.1}% 171
\BOOKMARK [2][]{subsection.9.2}{\376\377\0009\000.\0002\000\040\145\121\143\364\123\117\124\014\142\147\210\114\166\204\121\263\173\126\124\057\171\072}{section.9}% 172
\BOOKMARK [3][]{subsubsection.9.2.1}{\376\377\0009\000.\0002\000.\0001\000\040\116\316\134\100\220\350\200\375\122\233\217\154\124\021\133\214\145\164\145\366\225\364\217\164}{subsection.9.2}% 173
\BOOKMARK [3][]{subsubsection.9.2.2}{\376\377\0009\000.\0002\000.\0002\000\040\142\212\145\271\150\110\145\110\163\207\060\001\117\335\226\234\173\111\176\247\116\016\215\104\156\220\142\225\121\145\121\161\124\014\124\110\163\260}{subsection.9.2}% 174
\BOOKMARK [1][]{section*.54}{\376\377\123\302\200\003\145\207\163\056}{}% 175
\BOOKMARK [1][]{appendix.A}{\376\377\000A\000\040\217\223\121\145\060\001\173\046\123\367\116\016\156\220\145\207\116\366\133\371\136\224}{}% 176
\BOOKMARK [2][]{subsection.A.1}{\376\377\000A\000.\0001\000\040\153\143\137\017\217\223\121\145\116\016\145\260\130\236\213\325\232\214\166\204\123\072\122\006}{appendix.A}% 177
\BOOKMARK [2][]{subsection.A.2}{\376\377\000A\000.\0002\000\040\127\120\150\007\060\001\123\125\117\115\116\016\146\076\171\072\174\276\136\246}{appendix.A}% 178
\BOOKMARK [1][]{appendix.B}{\376\377\000B\000\040\133\214\145\164\217\320\217\223\060\001\116\055\176\347\116\016\215\104\156\220\143\007\155\076}{}% 179
\BOOKMARK [2][]{subsection.B.1}{\376\377\000B\000.\0001\000\040\225\356\230\230\116\000\133\214\145\164\215\047\173\261\122\006\221\115}{appendix.B}% 180
\BOOKMARK [2][]{subsection.B.2}{\376\377\000B\000.\0002\000\040\225\356\230\230\116\214\153\143\137\017\147\266\153\041\116\016\215\047\173\261\133\371\136\224}{appendix.B}% 181
\BOOKMARK [2][]{subsection.B.3}{\376\377\000B\000.\0003\000\040\225\356\230\230\116\214\220\020\173\261\116\244\116\330\145\366\122\073}{appendix.B}% 182
\BOOKMARK [2][]{subsection.B.4}{\376\377\000B\000.\0004\000\040\225\356\230\230\116\011\217\320\217\223\116\373\122\241\147\204\142\020}{appendix.B}% 183
\BOOKMARK [2][]{subsection.B.5}{\376\377\000B\000.\0005\000\040\225\356\230\230\116\011\217\320\217\223\142\147\210\114\145\366\225\364\210\150}{appendix.B}% 184
\BOOKMARK [1][]{appendix.C}{\376\377\000C\000\040\172\063\120\145\140\047\116\016\145\117\141\037\140\047\133\214\145\164\213\260\137\125}{}% 185
\BOOKMARK [2][]{subsection.C.1}{\376\377\000C\000.\0001\000\040\213\325\232\214\147\103\226\120\116\016\145\160\221\317}{appendix.C}% 186
\BOOKMARK [2][]{subsection.C.2}{\376\377\000C\000.\0002\000\040\225\356\230\230\116\000\133\211\121\150\117\131\221\317\221\315\154\102\211\343}{appendix.C}% 187
\BOOKMARK [2][]{subsection.C.3}{\376\377\000C\000.\0003\000\040\225\356\230\230\116\214\121\150\220\350\162\354\172\313\144\034\175\042\176\323\147\234}{appendix.C}% 188
\BOOKMARK [2][]{subsection.C.4}{\376\377\000C\000.\0004\000\040\131\061\145\110\140\305\146\157\116\016\117\356\131\015\166\204\122\044\133\232}{appendix.C}% 189
\BOOKMARK [1][]{appendix.D}{\376\377\000D\000\040\131\015\163\260\163\257\130\203\060\001\232\214\213\301\147\120\145\231\116\016\162\110\147\054\203\003\126\364}{}% 190
\BOOKMARK [2][]{subsection.D.1}{\376\377\000D\000.\0001\000\040\217\320\210\114\121\145\123\343\116\016\145\160\143\156\225\001}{appendix.D}% 191
\BOOKMARK [2][]{subsection.D.2}{\376\377\000D\000.\0002\000\040\145\260\130\236\213\241\173\227\116\016\176\347\142\177\213\301\143\156}{appendix.D}% 192
\BOOKMARK [2][]{subsection.D.3}{\376\377\000D\000.\0003\000\040\145\271\154\325\060\001\120\031\220\011\215\104\145\231\116\016\147\054\230\171\166\356\145\260\130\236\213\241\173\227\166\204\147\145\156\220}{appendix.D}% 193
\BOOKMARK [2][]{subsection.D.4}{\376\377\000D\000.\0004\000\040\123\206\123\362\147\000\131\175\211\343\060\001\147\011\226\120\127\337\217\333\134\125\116\016\147\054\153\041\131\015\173\227\166\204\123\072\122\053}{appendix.D}% 194
\BOOKMARK [2][]{subsection.D.5}{\376\377\000D\000.\0005\000\040\000D\000E\000M\120\317\121\103\116\016\217\336\176\355\202\052\217\371\166\370\116\244\171\072\141\017}{appendix.D}% 195
